// Jest Snapshot v1, https://goo.gl/fbAQLP

exports[`renders correctly 1`] = `
<div
  className="Footer-container"
>
  Â©
  <span>
    Copyright
  </span>
  <span>
    2017-2019
  </span>
  <span>
    <b>
      pipk.top
    </b>
  </span>
</div>
`;
